ORGAO                                   N 0005
CODIGO-UPAG                             N 0009
CODIGO-OPERADORA                        N 0003
MATRICULA-SERV                          N 0007
MATRICULA-PENS                          N 0008
NOME-PENSIONISTA                        A 0055
REGIME-JURIDICO                         A 0005
FAIXA-ETARIA                            N 0006
VALOR-PERCAPITA                         N 09,2
ANO-MES                                 N 0006